C:\Users\malve\OneDrive\Área de Trabalho\orders-api-springboot-atualizado\orders-api-springboot\src\main\java\poo2\estoque\orders\controller\ItemController.java
C:\Users\malve\OneDrive\Área de Trabalho\orders-api-springboot-atualizado\orders-api-springboot\src\main\java\poo2\estoque\orders\controller\OrderController.java
C:\Users\malve\OneDrive\Área de Trabalho\orders-api-springboot-atualizado\orders-api-springboot\src\main\java\poo2\estoque\orders\controller\OrderItemsController.java
C:\Users\malve\OneDrive\Área de Trabalho\orders-api-springboot-atualizado\orders-api-springboot\src\main\java\poo2\estoque\orders\dto\ItemCreateDTO.java
C:\Users\malve\OneDrive\Área de Trabalho\orders-api-springboot-atualizado\orders-api-springboot\src\main\java\poo2\estoque\orders\dto\ItemDTO.java
C:\Users\malve\OneDrive\Área de Trabalho\orders-api-springboot-atualizado\orders-api-springboot\src\main\java\poo2\estoque\orders\dto\OrderCreateDTO.java
C:\Users\malve\OneDrive\Área de Trabalho\orders-api-springboot-atualizado\orders-api-springboot\src\main\java\poo2\estoque\orders\dto\OrderDTO.java
C:\Users\malve\OneDrive\Área de Trabalho\orders-api-springboot-atualizado\orders-api-springboot\src\main\java\poo2\estoque\orders\entity\Item.java
C:\Users\malve\OneDrive\Área de Trabalho\orders-api-springboot-atualizado\orders-api-springboot\src\main\java\poo2\estoque\orders\entity\Order.java
C:\Users\malve\OneDrive\Área de Trabalho\orders-api-springboot-atualizado\orders-api-springboot\src\main\java\poo2\estoque\orders\exception\GlobalExceptionHandler.java
C:\Users\malve\OneDrive\Área de Trabalho\orders-api-springboot-atualizado\orders-api-springboot\src\main\java\poo2\estoque\orders\exception\ResourceNotFoundException.java
C:\Users\malve\OneDrive\Área de Trabalho\orders-api-springboot-atualizado\orders-api-springboot\src\main\java\poo2\estoque\orders\OrdersApiApplication.java
C:\Users\malve\OneDrive\Área de Trabalho\orders-api-springboot-atualizado\orders-api-springboot\src\main\java\poo2\estoque\orders\repository\ItemRepository.java
C:\Users\malve\OneDrive\Área de Trabalho\orders-api-springboot-atualizado\orders-api-springboot\src\main\java\poo2\estoque\orders\repository\OrderRepository.java
C:\Users\malve\OneDrive\Área de Trabalho\orders-api-springboot-atualizado\orders-api-springboot\src\main\java\poo2\estoque\orders\service\ItemService.java
C:\Users\malve\OneDrive\Área de Trabalho\orders-api-springboot-atualizado\orders-api-springboot\src\main\java\poo2\estoque\orders\service\OrderService.java
